Simulator report for snake
Sat May 30 22:08:30 2020
Quartus II Version 9.0 Build 235 06/17/2009 Service Pack 2 SJ Web Edition


---------------------
; Table of Contents ;
---------------------
  1. Legal Notice
  2. Simulator Summary
  3. Simulator Settings
  4. Simulation Waveforms
  5. Coverage Summary
  6. Complete 1/0-Value Coverage
  7. Missing 1-Value Coverage
  8. Missing 0-Value Coverage
  9. Simulator INI Usage
 10. Simulator Messages



----------------
; Legal Notice ;
----------------
Copyright (C) 1991-2009 Altera Corporation
Your use of Altera Corporation's design tools, logic functions 
and other software and tools, and its AMPP partner logic 
functions, and any output files from any of the foregoing 
(including device programming or simulation files), and any 
associated documentation or information are expressly subject 
to the terms and conditions of the Altera Program License 
Subscription Agreement, Altera MegaCore Function License 
Agreement, or other applicable license agreement, including, 
without limitation, that your use is for the sole purpose of 
programming logic devices manufactured by Altera and sold by 
Altera or its authorized distributors.  Please refer to the 
applicable agreement for further details.



+-----------------------------------------------+
; Simulator Summary                             ;
+-----------------------------+-----------------+
; Type                        ; Value           ;
+-----------------------------+-----------------+
; Simulation Start Time       ; 0 ps            ;
; Simulation End Time         ; 4.0 s           ;
; Simulation Netlist Size     ; 212 nodes       ;
; Simulation Coverage         ;      26.10 %    ;
; Total Number of Transitions ; 4641            ;
; Simulation Breakpoints      ; 0               ;
; Family                      ; FLEX10K         ;
; Device                      ; EPF10K70RC240-4 ;
+-----------------------------+-----------------+


+----------------------------------------------------------------------------------------------------------------------------+
; Simulator Settings                                                                                                         ;
+--------------------------------------------------------------------------------------------+---------------+---------------+
; Option                                                                                     ; Setting       ; Default Value ;
+--------------------------------------------------------------------------------------------+---------------+---------------+
; Simulation mode                                                                            ; Timing        ; Timing        ;
; Start time                                                                                 ; 0 ns          ; 0 ns          ;
; Simulation results format                                                                  ; CVWF          ;               ;
; Vector input source                                                                        ; snake_sim.vwf ;               ;
; Add pins automatically to simulation output waveforms                                      ; On            ; On            ;
; Check outputs                                                                              ; Off           ; Off           ;
; Report simulation coverage                                                                 ; On            ; On            ;
; Display complete 1/0 value coverage report                                                 ; On            ; On            ;
; Display missing 1-value coverage report                                                    ; On            ; On            ;
; Display missing 0-value coverage report                                                    ; On            ; On            ;
; Detect setup and hold time violations                                                      ; Off           ; Off           ;
; Detect glitches                                                                            ; Off           ; Off           ;
; Disable timing delays in Timing Simulation                                                 ; Off           ; Off           ;
; Generate Signal Activity File                                                              ; Off           ; Off           ;
; Generate VCD File for PowerPlay Power Analyzer                                             ; Off           ; Off           ;
; Group bus channels in simulation results                                                   ; Off           ; Off           ;
; Preserve fewer signal transitions to reduce memory requirements                            ; On            ; On            ;
; Trigger vector comparison with the specified mode                                          ; INPUT_EDGE    ; INPUT_EDGE    ;
; Disable setup and hold time violations detection in input registers of bi-directional pins ; Off           ; Off           ;
; Overwrite Waveform Inputs With Simulation Outputs                                          ; Off           ;               ;
; Perform Glitch Filtering in Timing Simulation                                              ; Auto          ; Auto          ;
+--------------------------------------------------------------------------------------------+---------------+---------------+


+----------------------+
; Simulation Waveforms ;
+----------------------+
Waveform report data cannot be output to ASCII.
Please use Quartus II to view the waveform report data.


+--------------------------------------------------------------------+
; Coverage Summary                                                   ;
+-----------------------------------------------------+--------------+
; Type                                                ; Value        ;
+-----------------------------------------------------+--------------+
; Total coverage as a percentage                      ;      26.10 % ;
; Total nodes checked                                 ; 212          ;
; Total output ports checked                          ; 272          ;
; Total output ports with complete 1/0-value coverage ; 71           ;
; Total output ports with no 1/0-value coverage       ; 201          ;
; Total output ports with no 1-value coverage         ; 201          ;
; Total output ports with no 0-value coverage         ; 201          ;
+-----------------------------------------------------+--------------+


The following table displays output ports that toggle between 1 and 0 during simulation.
+---------------------------------------------------------------------------------------------------------------------------------------------------------------------------------+
; Complete 1/0-Value Coverage                                                                                                                                                     ;
+----------------------------------------------------------------------------+---------------------------------------------------------------------------------+------------------+
; Node Name                                                                  ; Output Port Name                                                                ; Output Port Type ;
+----------------------------------------------------------------------------+---------------------------------------------------------------------------------+------------------+
; |snake|display1[6]~reg0                                                    ; |snake|display1[6]~reg0                                                         ; data_out0        ;
; |snake|display1[5]~reg0                                                    ; |snake|display1[5]~reg0                                                         ; data_out0        ;
; |snake|display1[4]~reg0                                                    ; |snake|display1[4]~reg0                                                         ; data_out0        ;
; |snake|display1[3]~reg0                                                    ; |snake|display1[3]~reg0                                                         ; data_out0        ;
; |snake|display1[0]~reg0                                                    ; |snake|display1[0]~reg0                                                         ; data_out0        ;
; |snake|display2[6]~reg0                                                    ; |snake|display2[6]~reg0                                                         ; data_out0        ;
; |snake|display2[3]~reg0                                                    ; |snake|display2[3]~reg0                                                         ; data_out0        ;
; |snake|display2[2]~reg0                                                    ; |snake|display2[2]~reg0                                                         ; data_out0        ;
; |snake|display2[1]~reg0                                                    ; |snake|display2[1]~reg0                                                         ; data_out0        ;
; |snake|display2[0]~reg0                                                    ; |snake|display2[0]~reg0                                                         ; data_out0        ;
; |snake|iteration[1]                                                        ; |snake|iteration[1]                                                             ; data_out0        ;
; |snake|iteration[2]                                                        ; |snake|iteration[2]                                                             ; data_out0        ;
; |snake|Equal1~5                                                            ; |snake|Equal1~5                                                                 ; data_out0        ;
; |snake|iteration[3]                                                        ; |snake|iteration[3]                                                             ; data_out0        ;
; |snake|iteration[0]                                                        ; |snake|lpm_add_sub:Add0|addcore:adder|a_csnbuffer:result_node|cs_buffer[0]~COUT ; cout             ;
; |snake|Equal9~0                                                            ; |snake|Equal9~0                                                                 ; data_out0        ;
; |snake|Equal3~0                                                            ; |snake|Equal3~0                                                                 ; data_out0        ;
; |snake|Equal3~1                                                            ; |snake|Equal3~1                                                                 ; data_out0        ;
; |snake|Equal2~0                                                            ; |snake|Equal2~0                                                                 ; data_out0        ;
; |snake|Equal8~0                                                            ; |snake|Equal8~0                                                                 ; data_out0        ;
; |snake|Equal8~1                                                            ; |snake|Equal8~1                                                                 ; data_out0        ;
; |snake|WideOr9~0                                                           ; |snake|WideOr9~0                                                                ; data_out0        ;
; |snake|Equal10~0                                                           ; |snake|Equal10~0                                                                ; data_out0        ;
; |snake|WideOr4~0                                                           ; |snake|WideOr4~0                                                                ; data_out0        ;
; |snake|Equal0~5                                                            ; |snake|Equal0~5                                                                 ; data_out0        ;
; |snake|Equal5~0                                                            ; |snake|Equal5~0                                                                 ; data_out0        ;
; |snake|Equal7~0                                                            ; |snake|Equal7~0                                                                 ; data_out0        ;
; |snake|Equal1~6                                                            ; |snake|Equal1~6                                                                 ; data_out0        ;
; |snake|WideNor0~0                                                          ; |snake|WideNor0~0                                                               ; data_out0        ;
; |snake|WideNor0~1                                                          ; |snake|WideNor0~1                                                               ; data_out0        ;
; |snake|WideOr3                                                             ; |snake|WideOr3                                                                  ; data_out0        ;
; |snake|Equal12~0                                                           ; |snake|Equal12~0                                                                ; data_out0        ;
; |snake|WideNor0                                                            ; |snake|WideNor0                                                                 ; data_out0        ;
; |snake|WideOr2~0                                                           ; |snake|WideOr2~0                                                                ; data_out0        ;
; |snake|lpm_add_sub:Add0|addcore:adder|a_csnbuffer:result_node|cs_buffer[1] ; |snake|lpm_add_sub:Add0|addcore:adder|a_csnbuffer:result_node|cs_buffer[1]      ; data_out0        ;
; |snake|lpm_add_sub:Add0|addcore:adder|a_csnbuffer:result_node|cs_buffer[1] ; |snake|lpm_add_sub:Add0|addcore:adder|a_csnbuffer:result_node|cs_buffer[1]~COUT ; cout             ;
; |snake|WideOr5~0                                                           ; |snake|WideOr5~0                                                                ; data_out0        ;
; |snake|WideOr7~0                                                           ; |snake|WideOr7~0                                                                ; data_out0        ;
; |snake|WideOr6~0                                                           ; |snake|WideOr6~0                                                                ; data_out0        ;
; |snake|lpm_add_sub:Add0|addcore:adder|a_csnbuffer:result_node|cs_buffer[2] ; |snake|lpm_add_sub:Add0|addcore:adder|a_csnbuffer:result_node|cs_buffer[2]      ; data_out0        ;
; |snake|lpm_add_sub:Add0|addcore:adder|a_csnbuffer:result_node|cs_buffer[2] ; |snake|lpm_add_sub:Add0|addcore:adder|a_csnbuffer:result_node|cs_buffer[2]~COUT ; cout             ;
; |snake|lpm_add_sub:Add0|addcore:adder|a_csnbuffer:result_node|cs_buffer[3] ; |snake|lpm_add_sub:Add0|addcore:adder|a_csnbuffer:result_node|cs_buffer[3]      ; data_out0        ;
; |snake|Equal13~4                                                           ; |snake|Equal13~4                                                                ; data_out0        ;
; |snake|ticks_count[3]                                                      ; |snake|ticks_count[3]                                                           ; data_out0        ;
; |snake|ticks_count[2]                                                      ; |snake|ticks_count[2]                                                           ; data_out0        ;
; |snake|ticks_count[1]                                                      ; |snake|ticks_count[1]                                                           ; data_out0        ;
; |snake|ticks_count[0]                                                      ; |snake|lpm_add_sub:Add1|addcore:adder|a_csnbuffer:result_node|cs_buffer[0]~COUT ; cout             ;
; |snake|Equal0~24                                                           ; |snake|Equal0~45                                                                ; cascout          ;
; |snake|Equal0~29                                                           ; |snake|Equal0~29                                                                ; data_out0        ;
; |snake|lpm_add_sub:Add1|addcore:adder|a_csnbuffer:result_node|cs_buffer[3] ; |snake|lpm_add_sub:Add1|addcore:adder|a_csnbuffer:result_node|cs_buffer[3]      ; data_out0        ;
; |snake|Equal14~4                                                           ; |snake|Equal14~4                                                                ; data_out0        ;
; |snake|lpm_add_sub:Add1|addcore:adder|a_csnbuffer:result_node|cs_buffer[2] ; |snake|lpm_add_sub:Add1|addcore:adder|a_csnbuffer:result_node|cs_buffer[2]      ; data_out0        ;
; |snake|lpm_add_sub:Add1|addcore:adder|a_csnbuffer:result_node|cs_buffer[2] ; |snake|lpm_add_sub:Add1|addcore:adder|a_csnbuffer:result_node|cs_buffer[2]~COUT ; cout             ;
; |snake|lpm_add_sub:Add1|addcore:adder|a_csnbuffer:result_node|cs_buffer[1] ; |snake|lpm_add_sub:Add1|addcore:adder|a_csnbuffer:result_node|cs_buffer[1]      ; data_out0        ;
; |snake|lpm_add_sub:Add1|addcore:adder|a_csnbuffer:result_node|cs_buffer[1] ; |snake|lpm_add_sub:Add1|addcore:adder|a_csnbuffer:result_node|cs_buffer[1]~COUT ; cout             ;
; |snake|Equal13~25                                                          ; |snake|Equal13~25                                                               ; data_out0        ;
; |snake|Equal13~23                                                          ; |snake|Equal13~44                                                               ; cascout          ;
; |snake|Equal13~28                                                          ; |snake|Equal13~28                                                               ; data_out0        ;
; |snake|Equal14~23                                                          ; |snake|Equal14~44                                                               ; cascout          ;
; |snake|Equal14~28                                                          ; |snake|Equal14~28                                                               ; data_out0        ;
; |snake|clk                                                                 ; |snake|clk~corein                                                               ; dataout          ;
; |snake|display1[6]                                                         ; |snake|display1[6]                                                              ; padio            ;
; |snake|display1[5]                                                         ; |snake|display1[5]                                                              ; padio            ;
; |snake|display1[4]                                                         ; |snake|display1[4]                                                              ; padio            ;
; |snake|display1[3]                                                         ; |snake|display1[3]                                                              ; padio            ;
; |snake|display1[0]                                                         ; |snake|display1[0]                                                              ; padio            ;
; |snake|display2[6]                                                         ; |snake|display2[6]                                                              ; padio            ;
; |snake|display2[3]                                                         ; |snake|display2[3]                                                              ; padio            ;
; |snake|display2[2]                                                         ; |snake|display2[2]                                                              ; padio            ;
; |snake|display2[1]                                                         ; |snake|display2[1]                                                              ; padio            ;
; |snake|display2[0]                                                         ; |snake|display2[0]                                                              ; padio            ;
+----------------------------------------------------------------------------+---------------------------------------------------------------------------------+------------------+


The following table displays output ports that do not toggle to 1 during simulation.
+-----------------------------------------------------------------------------------------------------------------------------------------------------------------------------------+
; Missing 1-Value Coverage                                                                                                                                                          ;
+-----------------------------------------------------------------------------+----------------------------------------------------------------------------------+------------------+
; Node Name                                                                   ; Output Port Name                                                                 ; Output Port Type ;
+-----------------------------------------------------------------------------+----------------------------------------------------------------------------------+------------------+
; |snake|display1[2]~reg0                                                     ; |snake|display1[2]~reg0                                                          ; data_out0        ;
; |snake|display1[1]~reg0                                                     ; |snake|display1[1]~reg0                                                          ; data_out0        ;
; |snake|display2[5]~reg0                                                     ; |snake|display2[5]~reg0                                                          ; data_out0        ;
; |snake|display2[4]~reg0                                                     ; |snake|display2[4]~reg0                                                          ; data_out0        ;
; |snake|iteration[17]                                                        ; |snake|iteration[17]                                                             ; data_out0        ;
; |snake|iteration[16]                                                        ; |snake|iteration[16]                                                             ; data_out0        ;
; |snake|iteration[15]                                                        ; |snake|iteration[15]                                                             ; data_out0        ;
; |snake|iteration[14]                                                        ; |snake|iteration[14]                                                             ; data_out0        ;
; |snake|Equal1~0                                                             ; |snake|Equal1~0                                                                  ; data_out0        ;
; |snake|iteration[13]                                                        ; |snake|iteration[13]                                                             ; data_out0        ;
; |snake|iteration[12]                                                        ; |snake|iteration[12]                                                             ; data_out0        ;
; |snake|iteration[11]                                                        ; |snake|iteration[11]                                                             ; data_out0        ;
; |snake|iteration[10]                                                        ; |snake|iteration[10]                                                             ; data_out0        ;
; |snake|Equal1~1                                                             ; |snake|Equal1~1                                                                  ; data_out0        ;
; |snake|Equal1~4                                                             ; |snake|Equal1~4                                                                  ; data_out0        ;
; |snake|lpm_add_sub:Add0|addcore:adder|a_csnbuffer:result_node|cs_buffer[17] ; |snake|lpm_add_sub:Add0|addcore:adder|a_csnbuffer:result_node|cs_buffer[17]      ; data_out0        ;
; |snake|lpm_add_sub:Add0|addcore:adder|a_csnbuffer:result_node|cs_buffer[17] ; |snake|lpm_add_sub:Add0|addcore:adder|a_csnbuffer:result_node|cs_buffer[17]~COUT ; cout             ;
; |snake|lpm_add_sub:Add0|addcore:adder|a_csnbuffer:result_node|cs_buffer[16] ; |snake|lpm_add_sub:Add0|addcore:adder|a_csnbuffer:result_node|cs_buffer[16]      ; data_out0        ;
; |snake|lpm_add_sub:Add0|addcore:adder|a_csnbuffer:result_node|cs_buffer[16] ; |snake|lpm_add_sub:Add0|addcore:adder|a_csnbuffer:result_node|cs_buffer[16]~COUT ; cout             ;
; |snake|lpm_add_sub:Add0|addcore:adder|a_csnbuffer:result_node|cs_buffer[15] ; |snake|lpm_add_sub:Add0|addcore:adder|a_csnbuffer:result_node|cs_buffer[15]      ; data_out0        ;
; |snake|lpm_add_sub:Add0|addcore:adder|a_csnbuffer:result_node|cs_buffer[15] ; |snake|lpm_add_sub:Add0|addcore:adder|a_csnbuffer:result_node|cs_buffer[15]~COUT ; cout             ;
; |snake|lpm_add_sub:Add0|addcore:adder|a_csnbuffer:result_node|cs_buffer[14] ; |snake|lpm_add_sub:Add0|addcore:adder|a_csnbuffer:result_node|cs_buffer[14]      ; data_out0        ;
; |snake|lpm_add_sub:Add0|addcore:adder|a_csnbuffer:result_node|cs_buffer[14] ; |snake|lpm_add_sub:Add0|addcore:adder|a_csnbuffer:result_node|cs_buffer[14]~COUT ; cout             ;
; |snake|lpm_add_sub:Add0|addcore:adder|a_csnbuffer:result_node|cs_buffer[13] ; |snake|lpm_add_sub:Add0|addcore:adder|a_csnbuffer:result_node|cs_buffer[13]      ; data_out0        ;
; |snake|lpm_add_sub:Add0|addcore:adder|a_csnbuffer:result_node|cs_buffer[13] ; |snake|lpm_add_sub:Add0|addcore:adder|a_csnbuffer:result_node|cs_buffer[13]~COUT ; cout             ;
; |snake|lpm_add_sub:Add0|addcore:adder|a_csnbuffer:result_node|cs_buffer[12] ; |snake|lpm_add_sub:Add0|addcore:adder|a_csnbuffer:result_node|cs_buffer[12]      ; data_out0        ;
; |snake|lpm_add_sub:Add0|addcore:adder|a_csnbuffer:result_node|cs_buffer[12] ; |snake|lpm_add_sub:Add0|addcore:adder|a_csnbuffer:result_node|cs_buffer[12]~COUT ; cout             ;
; |snake|lpm_add_sub:Add0|addcore:adder|a_csnbuffer:result_node|cs_buffer[11] ; |snake|lpm_add_sub:Add0|addcore:adder|a_csnbuffer:result_node|cs_buffer[11]      ; data_out0        ;
; |snake|lpm_add_sub:Add0|addcore:adder|a_csnbuffer:result_node|cs_buffer[11] ; |snake|lpm_add_sub:Add0|addcore:adder|a_csnbuffer:result_node|cs_buffer[11]~COUT ; cout             ;
; |snake|lpm_add_sub:Add0|addcore:adder|a_csnbuffer:result_node|cs_buffer[10] ; |snake|lpm_add_sub:Add0|addcore:adder|a_csnbuffer:result_node|cs_buffer[10]      ; data_out0        ;
; |snake|lpm_add_sub:Add0|addcore:adder|a_csnbuffer:result_node|cs_buffer[10] ; |snake|lpm_add_sub:Add0|addcore:adder|a_csnbuffer:result_node|cs_buffer[10]~COUT ; cout             ;
; |snake|lpm_add_sub:Add0|addcore:adder|a_csnbuffer:result_node|cs_buffer[3]  ; |snake|lpm_add_sub:Add0|addcore:adder|a_csnbuffer:result_node|cs_buffer[3]~COUT  ; cout             ;
; |snake|iteration[5]                                                         ; |snake|iteration[5]                                                              ; data_out0        ;
; |snake|iteration[4]                                                         ; |snake|iteration[4]                                                              ; data_out0        ;
; |snake|iteration[18]                                                        ; |snake|iteration[18]                                                             ; data_out0        ;
; |snake|iteration[19]                                                        ; |snake|iteration[19]                                                             ; data_out0        ;
; |snake|Equal1~13                                                            ; |snake|Equal1~34                                                                 ; cascout          ;
; |snake|iteration[9]                                                         ; |snake|iteration[9]                                                              ; data_out0        ;
; |snake|iteration[8]                                                         ; |snake|iteration[8]                                                              ; data_out0        ;
; |snake|iteration[7]                                                         ; |snake|iteration[7]                                                              ; data_out0        ;
; |snake|iteration[6]                                                         ; |snake|iteration[6]                                                              ; data_out0        ;
; |snake|Equal1~22                                                            ; |snake|Equal1~22                                                                 ; data_out0        ;
; |snake|iteration[20]                                                        ; |snake|iteration[20]                                                             ; data_out0        ;
; |snake|iteration[21]                                                        ; |snake|iteration[21]                                                             ; data_out0        ;
; |snake|iteration[22]                                                        ; |snake|iteration[22]                                                             ; data_out0        ;
; |snake|iteration[23]                                                        ; |snake|iteration[23]                                                             ; data_out0        ;
; |snake|Equal1~23                                                            ; |snake|Equal1~23                                                                 ; data_out0        ;
; |snake|ticks_count[27]                                                      ; |snake|ticks_count[27]                                                           ; data_out0        ;
; |snake|ticks_count[26]                                                      ; |snake|ticks_count[26]                                                           ; data_out0        ;
; |snake|ticks_count[25]                                                      ; |snake|ticks_count[25]                                                           ; data_out0        ;
; |snake|ticks_count[24]                                                      ; |snake|ticks_count[24]                                                           ; data_out0        ;
; |snake|Equal0~18                                                            ; |snake|Equal0~36                                                                 ; cascout          ;
; |snake|ticks_count[31]                                                      ; |snake|ticks_count[31]                                                           ; data_out0        ;
; |snake|ticks_count[30]                                                      ; |snake|ticks_count[30]                                                           ; data_out0        ;
; |snake|ticks_count[29]                                                      ; |snake|ticks_count[29]                                                           ; data_out0        ;
; |snake|ticks_count[28]                                                      ; |snake|ticks_count[28]                                                           ; data_out0        ;
; |snake|Equal0~26                                                            ; |snake|Equal0~26                                                                 ; data_out0        ;
; |snake|ticks_count[19]                                                      ; |snake|ticks_count[19]                                                           ; data_out0        ;
; |snake|ticks_count[18]                                                      ; |snake|ticks_count[18]                                                           ; data_out0        ;
; |snake|ticks_count[17]                                                      ; |snake|ticks_count[17]                                                           ; data_out0        ;
; |snake|ticks_count[16]                                                      ; |snake|ticks_count[16]                                                           ; data_out0        ;
; |snake|Equal0~20                                                            ; |snake|Equal0~39                                                                 ; cascout          ;
; |snake|ticks_count[23]                                                      ; |snake|ticks_count[23]                                                           ; data_out0        ;
; |snake|ticks_count[22]                                                      ; |snake|ticks_count[22]                                                           ; data_out0        ;
; |snake|ticks_count[21]                                                      ; |snake|ticks_count[21]                                                           ; data_out0        ;
; |snake|ticks_count[20]                                                      ; |snake|ticks_count[20]                                                           ; data_out0        ;
; |snake|Equal0~27                                                            ; |snake|Equal0~27                                                                 ; data_out0        ;
; |snake|ticks_count[11]                                                      ; |snake|ticks_count[11]                                                           ; data_out0        ;
; |snake|ticks_count[10]                                                      ; |snake|ticks_count[10]                                                           ; data_out0        ;
; |snake|ticks_count[9]                                                       ; |snake|ticks_count[9]                                                            ; data_out0        ;
; |snake|ticks_count[8]                                                       ; |snake|ticks_count[8]                                                            ; data_out0        ;
; |snake|Equal0~22                                                            ; |snake|Equal0~42                                                                 ; cascout          ;
; |snake|ticks_count[15]                                                      ; |snake|ticks_count[15]                                                           ; data_out0        ;
; |snake|ticks_count[14]                                                      ; |snake|ticks_count[14]                                                           ; data_out0        ;
; |snake|ticks_count[13]                                                      ; |snake|ticks_count[13]                                                           ; data_out0        ;
; |snake|ticks_count[12]                                                      ; |snake|ticks_count[12]                                                           ; data_out0        ;
; |snake|Equal0~28                                                            ; |snake|Equal0~28                                                                 ; data_out0        ;
; |snake|ticks_count[7]                                                       ; |snake|ticks_count[7]                                                            ; data_out0        ;
; |snake|ticks_count[6]                                                       ; |snake|ticks_count[6]                                                            ; data_out0        ;
; |snake|ticks_count[5]                                                       ; |snake|ticks_count[5]                                                            ; data_out0        ;
; |snake|ticks_count[4]                                                       ; |snake|ticks_count[4]                                                            ; data_out0        ;
; |snake|lpm_add_sub:Add0|addcore:adder|a_csnbuffer:result_node|cs_buffer[9]  ; |snake|lpm_add_sub:Add0|addcore:adder|a_csnbuffer:result_node|cs_buffer[9]       ; data_out0        ;
; |snake|lpm_add_sub:Add0|addcore:adder|a_csnbuffer:result_node|cs_buffer[9]  ; |snake|lpm_add_sub:Add0|addcore:adder|a_csnbuffer:result_node|cs_buffer[9]~COUT  ; cout             ;
; |snake|lpm_add_sub:Add0|addcore:adder|a_csnbuffer:result_node|cs_buffer[5]  ; |snake|lpm_add_sub:Add0|addcore:adder|a_csnbuffer:result_node|cs_buffer[5]       ; data_out0        ;
; |snake|lpm_add_sub:Add0|addcore:adder|a_csnbuffer:result_node|cs_buffer[5]  ; |snake|lpm_add_sub:Add0|addcore:adder|a_csnbuffer:result_node|cs_buffer[5]~COUT  ; cout             ;
; |snake|lpm_add_sub:Add0|addcore:adder|a_csnbuffer:result_node|cs_buffer[4]  ; |snake|lpm_add_sub:Add0|addcore:adder|a_csnbuffer:result_node|cs_buffer[4]       ; data_out0        ;
; |snake|lpm_add_sub:Add0|addcore:adder|a_csnbuffer:result_node|cs_buffer[4]  ; |snake|lpm_add_sub:Add0|addcore:adder|a_csnbuffer:result_node|cs_buffer[4]~COUT  ; cout             ;
; |snake|lpm_add_sub:Add0|addcore:adder|a_csnbuffer:result_node|cs_buffer[18] ; |snake|lpm_add_sub:Add0|addcore:adder|a_csnbuffer:result_node|cs_buffer[18]      ; data_out0        ;
; |snake|lpm_add_sub:Add0|addcore:adder|a_csnbuffer:result_node|cs_buffer[18] ; |snake|lpm_add_sub:Add0|addcore:adder|a_csnbuffer:result_node|cs_buffer[18]~COUT ; cout             ;
; |snake|lpm_add_sub:Add0|addcore:adder|a_csnbuffer:result_node|cs_buffer[19] ; |snake|lpm_add_sub:Add0|addcore:adder|a_csnbuffer:result_node|cs_buffer[19]      ; data_out0        ;
; |snake|lpm_add_sub:Add0|addcore:adder|a_csnbuffer:result_node|cs_buffer[19] ; |snake|lpm_add_sub:Add0|addcore:adder|a_csnbuffer:result_node|cs_buffer[19]~COUT ; cout             ;
; |snake|lpm_add_sub:Add0|addcore:adder|a_csnbuffer:result_node|cs_buffer[8]  ; |snake|lpm_add_sub:Add0|addcore:adder|a_csnbuffer:result_node|cs_buffer[8]       ; data_out0        ;
; |snake|lpm_add_sub:Add0|addcore:adder|a_csnbuffer:result_node|cs_buffer[8]  ; |snake|lpm_add_sub:Add0|addcore:adder|a_csnbuffer:result_node|cs_buffer[8]~COUT  ; cout             ;
; |snake|lpm_add_sub:Add0|addcore:adder|a_csnbuffer:result_node|cs_buffer[7]  ; |snake|lpm_add_sub:Add0|addcore:adder|a_csnbuffer:result_node|cs_buffer[7]       ; data_out0        ;
; |snake|lpm_add_sub:Add0|addcore:adder|a_csnbuffer:result_node|cs_buffer[7]  ; |snake|lpm_add_sub:Add0|addcore:adder|a_csnbuffer:result_node|cs_buffer[7]~COUT  ; cout             ;
; |snake|lpm_add_sub:Add0|addcore:adder|a_csnbuffer:result_node|cs_buffer[6]  ; |snake|lpm_add_sub:Add0|addcore:adder|a_csnbuffer:result_node|cs_buffer[6]       ; data_out0        ;
; |snake|lpm_add_sub:Add0|addcore:adder|a_csnbuffer:result_node|cs_buffer[6]  ; |snake|lpm_add_sub:Add0|addcore:adder|a_csnbuffer:result_node|cs_buffer[6]~COUT  ; cout             ;
; |snake|lpm_add_sub:Add0|addcore:adder|a_csnbuffer:result_node|cs_buffer[20] ; |snake|lpm_add_sub:Add0|addcore:adder|a_csnbuffer:result_node|cs_buffer[20]      ; data_out0        ;
; |snake|lpm_add_sub:Add0|addcore:adder|a_csnbuffer:result_node|cs_buffer[20] ; |snake|lpm_add_sub:Add0|addcore:adder|a_csnbuffer:result_node|cs_buffer[20]~COUT ; cout             ;
; |snake|lpm_add_sub:Add0|addcore:adder|a_csnbuffer:result_node|cs_buffer[21] ; |snake|lpm_add_sub:Add0|addcore:adder|a_csnbuffer:result_node|cs_buffer[21]      ; data_out0        ;
; |snake|lpm_add_sub:Add0|addcore:adder|a_csnbuffer:result_node|cs_buffer[21] ; |snake|lpm_add_sub:Add0|addcore:adder|a_csnbuffer:result_node|cs_buffer[21]~COUT ; cout             ;
; |snake|lpm_add_sub:Add0|addcore:adder|a_csnbuffer:result_node|cs_buffer[22] ; |snake|lpm_add_sub:Add0|addcore:adder|a_csnbuffer:result_node|cs_buffer[22]      ; data_out0        ;
; |snake|lpm_add_sub:Add0|addcore:adder|a_csnbuffer:result_node|cs_buffer[22] ; |snake|lpm_add_sub:Add0|addcore:adder|a_csnbuffer:result_node|cs_buffer[22]~COUT ; cout             ;
; |snake|lpm_add_sub:Add0|addcore:adder|a_csnbuffer:result_node|cs_buffer[23] ; |snake|lpm_add_sub:Add0|addcore:adder|a_csnbuffer:result_node|cs_buffer[23]      ; data_out0        ;
; |snake|lpm_add_sub:Add0|addcore:adder|a_csnbuffer:result_node|cs_buffer[23] ; |snake|lpm_add_sub:Add0|addcore:adder|a_csnbuffer:result_node|cs_buffer[23]~COUT ; cout             ;
; |snake|lpm_add_sub:Add1|addcore:adder|a_csnbuffer:result_node|cs_buffer[27] ; |snake|lpm_add_sub:Add1|addcore:adder|a_csnbuffer:result_node|cs_buffer[27]      ; data_out0        ;
; |snake|lpm_add_sub:Add1|addcore:adder|a_csnbuffer:result_node|cs_buffer[27] ; |snake|lpm_add_sub:Add1|addcore:adder|a_csnbuffer:result_node|cs_buffer[27]~COUT ; cout             ;
; |snake|lpm_add_sub:Add1|addcore:adder|a_csnbuffer:result_node|cs_buffer[26] ; |snake|lpm_add_sub:Add1|addcore:adder|a_csnbuffer:result_node|cs_buffer[26]      ; data_out0        ;
; |snake|lpm_add_sub:Add1|addcore:adder|a_csnbuffer:result_node|cs_buffer[26] ; |snake|lpm_add_sub:Add1|addcore:adder|a_csnbuffer:result_node|cs_buffer[26]~COUT ; cout             ;
; |snake|lpm_add_sub:Add1|addcore:adder|a_csnbuffer:result_node|cs_buffer[25] ; |snake|lpm_add_sub:Add1|addcore:adder|a_csnbuffer:result_node|cs_buffer[25]      ; data_out0        ;
; |snake|lpm_add_sub:Add1|addcore:adder|a_csnbuffer:result_node|cs_buffer[25] ; |snake|lpm_add_sub:Add1|addcore:adder|a_csnbuffer:result_node|cs_buffer[25]~COUT ; cout             ;
; |snake|lpm_add_sub:Add1|addcore:adder|a_csnbuffer:result_node|cs_buffer[24] ; |snake|lpm_add_sub:Add1|addcore:adder|a_csnbuffer:result_node|cs_buffer[24]      ; data_out0        ;
; |snake|lpm_add_sub:Add1|addcore:adder|a_csnbuffer:result_node|cs_buffer[24] ; |snake|lpm_add_sub:Add1|addcore:adder|a_csnbuffer:result_node|cs_buffer[24]~COUT ; cout             ;
; |snake|lpm_add_sub:Add1|addcore:adder|a_csnbuffer:result_node|cs_buffer[30] ; |snake|lpm_add_sub:Add1|addcore:adder|a_csnbuffer:result_node|cs_buffer[30]      ; data_out0        ;
; |snake|lpm_add_sub:Add1|addcore:adder|a_csnbuffer:result_node|cs_buffer[30] ; |snake|lpm_add_sub:Add1|addcore:adder|a_csnbuffer:result_node|cs_buffer[30]~COUT ; cout             ;
; |snake|lpm_add_sub:Add1|addcore:adder|a_csnbuffer:result_node|cs_buffer[29] ; |snake|lpm_add_sub:Add1|addcore:adder|a_csnbuffer:result_node|cs_buffer[29]      ; data_out0        ;
; |snake|lpm_add_sub:Add1|addcore:adder|a_csnbuffer:result_node|cs_buffer[29] ; |snake|lpm_add_sub:Add1|addcore:adder|a_csnbuffer:result_node|cs_buffer[29]~COUT ; cout             ;
; |snake|lpm_add_sub:Add1|addcore:adder|a_csnbuffer:result_node|cs_buffer[28] ; |snake|lpm_add_sub:Add1|addcore:adder|a_csnbuffer:result_node|cs_buffer[28]      ; data_out0        ;
; |snake|lpm_add_sub:Add1|addcore:adder|a_csnbuffer:result_node|cs_buffer[28] ; |snake|lpm_add_sub:Add1|addcore:adder|a_csnbuffer:result_node|cs_buffer[28]~COUT ; cout             ;
; |snake|lpm_add_sub:Add1|addcore:adder|a_csnbuffer:result_node|cs_buffer[19] ; |snake|lpm_add_sub:Add1|addcore:adder|a_csnbuffer:result_node|cs_buffer[19]      ; data_out0        ;
; |snake|lpm_add_sub:Add1|addcore:adder|a_csnbuffer:result_node|cs_buffer[19] ; |snake|lpm_add_sub:Add1|addcore:adder|a_csnbuffer:result_node|cs_buffer[19]~COUT ; cout             ;
; |snake|lpm_add_sub:Add1|addcore:adder|a_csnbuffer:result_node|cs_buffer[18] ; |snake|lpm_add_sub:Add1|addcore:adder|a_csnbuffer:result_node|cs_buffer[18]      ; data_out0        ;
; |snake|lpm_add_sub:Add1|addcore:adder|a_csnbuffer:result_node|cs_buffer[18] ; |snake|lpm_add_sub:Add1|addcore:adder|a_csnbuffer:result_node|cs_buffer[18]~COUT ; cout             ;
; |snake|lpm_add_sub:Add1|addcore:adder|a_csnbuffer:result_node|cs_buffer[17] ; |snake|lpm_add_sub:Add1|addcore:adder|a_csnbuffer:result_node|cs_buffer[17]      ; data_out0        ;
; |snake|lpm_add_sub:Add1|addcore:adder|a_csnbuffer:result_node|cs_buffer[17] ; |snake|lpm_add_sub:Add1|addcore:adder|a_csnbuffer:result_node|cs_buffer[17]~COUT ; cout             ;
; |snake|lpm_add_sub:Add1|addcore:adder|a_csnbuffer:result_node|cs_buffer[16] ; |snake|lpm_add_sub:Add1|addcore:adder|a_csnbuffer:result_node|cs_buffer[16]      ; data_out0        ;
; |snake|lpm_add_sub:Add1|addcore:adder|a_csnbuffer:result_node|cs_buffer[16] ; |snake|lpm_add_sub:Add1|addcore:adder|a_csnbuffer:result_node|cs_buffer[16]~COUT ; cout             ;
; |snake|lpm_add_sub:Add1|addcore:adder|a_csnbuffer:result_node|cs_buffer[23] ; |snake|lpm_add_sub:Add1|addcore:adder|a_csnbuffer:result_node|cs_buffer[23]      ; data_out0        ;
; |snake|lpm_add_sub:Add1|addcore:adder|a_csnbuffer:result_node|cs_buffer[23] ; |snake|lpm_add_sub:Add1|addcore:adder|a_csnbuffer:result_node|cs_buffer[23]~COUT ; cout             ;
; |snake|lpm_add_sub:Add1|addcore:adder|a_csnbuffer:result_node|cs_buffer[22] ; |snake|lpm_add_sub:Add1|addcore:adder|a_csnbuffer:result_node|cs_buffer[22]      ; data_out0        ;
; |snake|lpm_add_sub:Add1|addcore:adder|a_csnbuffer:result_node|cs_buffer[22] ; |snake|lpm_add_sub:Add1|addcore:adder|a_csnbuffer:result_node|cs_buffer[22]~COUT ; cout             ;
; |snake|lpm_add_sub:Add1|addcore:adder|a_csnbuffer:result_node|cs_buffer[21] ; |snake|lpm_add_sub:Add1|addcore:adder|a_csnbuffer:result_node|cs_buffer[21]      ; data_out0        ;
; |snake|lpm_add_sub:Add1|addcore:adder|a_csnbuffer:result_node|cs_buffer[21] ; |snake|lpm_add_sub:Add1|addcore:adder|a_csnbuffer:result_node|cs_buffer[21]~COUT ; cout             ;
; |snake|lpm_add_sub:Add1|addcore:adder|a_csnbuffer:result_node|cs_buffer[20] ; |snake|lpm_add_sub:Add1|addcore:adder|a_csnbuffer:result_node|cs_buffer[20]      ; data_out0        ;
; |snake|lpm_add_sub:Add1|addcore:adder|a_csnbuffer:result_node|cs_buffer[20] ; |snake|lpm_add_sub:Add1|addcore:adder|a_csnbuffer:result_node|cs_buffer[20]~COUT ; cout             ;
; |snake|lpm_add_sub:Add1|addcore:adder|a_csnbuffer:result_node|cs_buffer[11] ; |snake|lpm_add_sub:Add1|addcore:adder|a_csnbuffer:result_node|cs_buffer[11]      ; data_out0        ;
; |snake|lpm_add_sub:Add1|addcore:adder|a_csnbuffer:result_node|cs_buffer[11] ; |snake|lpm_add_sub:Add1|addcore:adder|a_csnbuffer:result_node|cs_buffer[11]~COUT ; cout             ;
; |snake|lpm_add_sub:Add1|addcore:adder|a_csnbuffer:result_node|cs_buffer[10] ; |snake|lpm_add_sub:Add1|addcore:adder|a_csnbuffer:result_node|cs_buffer[10]      ; data_out0        ;
; |snake|lpm_add_sub:Add1|addcore:adder|a_csnbuffer:result_node|cs_buffer[10] ; |snake|lpm_add_sub:Add1|addcore:adder|a_csnbuffer:result_node|cs_buffer[10]~COUT ; cout             ;
; |snake|lpm_add_sub:Add1|addcore:adder|a_csnbuffer:result_node|cs_buffer[9]  ; |snake|lpm_add_sub:Add1|addcore:adder|a_csnbuffer:result_node|cs_buffer[9]       ; data_out0        ;
; |snake|lpm_add_sub:Add1|addcore:adder|a_csnbuffer:result_node|cs_buffer[9]  ; |snake|lpm_add_sub:Add1|addcore:adder|a_csnbuffer:result_node|cs_buffer[9]~COUT  ; cout             ;
; |snake|lpm_add_sub:Add1|addcore:adder|a_csnbuffer:result_node|cs_buffer[8]  ; |snake|lpm_add_sub:Add1|addcore:adder|a_csnbuffer:result_node|cs_buffer[8]       ; data_out0        ;
; |snake|lpm_add_sub:Add1|addcore:adder|a_csnbuffer:result_node|cs_buffer[8]  ; |snake|lpm_add_sub:Add1|addcore:adder|a_csnbuffer:result_node|cs_buffer[8]~COUT  ; cout             ;
; |snake|lpm_add_sub:Add1|addcore:adder|a_csnbuffer:result_node|cs_buffer[15] ; |snake|lpm_add_sub:Add1|addcore:adder|a_csnbuffer:result_node|cs_buffer[15]      ; data_out0        ;
; |snake|lpm_add_sub:Add1|addcore:adder|a_csnbuffer:result_node|cs_buffer[15] ; |snake|lpm_add_sub:Add1|addcore:adder|a_csnbuffer:result_node|cs_buffer[15]~COUT ; cout             ;
; |snake|lpm_add_sub:Add1|addcore:adder|a_csnbuffer:result_node|cs_buffer[14] ; |snake|lpm_add_sub:Add1|addcore:adder|a_csnbuffer:result_node|cs_buffer[14]      ; data_out0        ;
; |snake|lpm_add_sub:Add1|addcore:adder|a_csnbuffer:result_node|cs_buffer[14] ; |snake|lpm_add_sub:Add1|addcore:adder|a_csnbuffer:result_node|cs_buffer[14]~COUT ; cout             ;
; |snake|lpm_add_sub:Add1|addcore:adder|a_csnbuffer:result_node|cs_buffer[13] ; |snake|lpm_add_sub:Add1|addcore:adder|a_csnbuffer:result_node|cs_buffer[13]      ; data_out0        ;
; |snake|lpm_add_sub:Add1|addcore:adder|a_csnbuffer:result_node|cs_buffer[13] ; |snake|lpm_add_sub:Add1|addcore:adder|a_csnbuffer:result_node|cs_buffer[13]~COUT ; cout             ;
; |snake|lpm_add_sub:Add1|addcore:adder|a_csnbuffer:result_node|cs_buffer[12] ; |snake|lpm_add_sub:Add1|addcore:adder|a_csnbuffer:result_node|cs_buffer[12]      ; data_out0        ;
; |snake|lpm_add_sub:Add1|addcore:adder|a_csnbuffer:result_node|cs_buffer[12] ; |snake|lpm_add_sub:Add1|addcore:adder|a_csnbuffer:result_node|cs_buffer[12]~COUT ; cout             ;
; |snake|lpm_add_sub:Add1|addcore:adder|a_csnbuffer:result_node|cs_buffer[3]  ; |snake|lpm_add_sub:Add1|addcore:adder|a_csnbuffer:result_node|cs_buffer[3]~COUT  ; cout             ;
; |snake|lpm_add_sub:Add1|addcore:adder|a_csnbuffer:result_node|cs_buffer[7]  ; |snake|lpm_add_sub:Add1|addcore:adder|a_csnbuffer:result_node|cs_buffer[7]       ; data_out0        ;
; |snake|lpm_add_sub:Add1|addcore:adder|a_csnbuffer:result_node|cs_buffer[7]  ; |snake|lpm_add_sub:Add1|addcore:adder|a_csnbuffer:result_node|cs_buffer[7]~COUT  ; cout             ;
; |snake|lpm_add_sub:Add1|addcore:adder|a_csnbuffer:result_node|cs_buffer[6]  ; |snake|lpm_add_sub:Add1|addcore:adder|a_csnbuffer:result_node|cs_buffer[6]       ; data_out0        ;
; |snake|lpm_add_sub:Add1|addcore:adder|a_csnbuffer:result_node|cs_buffer[6]  ; |snake|lpm_add_sub:Add1|addcore:adder|a_csnbuffer:result_node|cs_buffer[6]~COUT  ; cout             ;
; |snake|lpm_add_sub:Add1|addcore:adder|a_csnbuffer:result_node|cs_buffer[5]  ; |snake|lpm_add_sub:Add1|addcore:adder|a_csnbuffer:result_node|cs_buffer[5]       ; data_out0        ;
; |snake|lpm_add_sub:Add1|addcore:adder|a_csnbuffer:result_node|cs_buffer[5]  ; |snake|lpm_add_sub:Add1|addcore:adder|a_csnbuffer:result_node|cs_buffer[5]~COUT  ; cout             ;
; |snake|lpm_add_sub:Add1|addcore:adder|a_csnbuffer:result_node|cs_buffer[4]  ; |snake|lpm_add_sub:Add1|addcore:adder|a_csnbuffer:result_node|cs_buffer[4]       ; data_out0        ;
; |snake|lpm_add_sub:Add1|addcore:adder|a_csnbuffer:result_node|cs_buffer[4]  ; |snake|lpm_add_sub:Add1|addcore:adder|a_csnbuffer:result_node|cs_buffer[4]~COUT  ; cout             ;
; |snake|iteration[28]                                                        ; |snake|iteration[28]                                                             ; data_out0        ;
; |snake|iteration[29]                                                        ; |snake|iteration[29]                                                             ; data_out0        ;
; |snake|iteration[30]                                                        ; |snake|iteration[30]                                                             ; data_out0        ;
; |snake|iteration[31]                                                        ; |snake|iteration[31]                                                             ; data_out0        ;
; |snake|Equal1~20                                                            ; |snake|Equal1~38                                                                 ; cascout          ;
; |snake|iteration[24]                                                        ; |snake|iteration[24]                                                             ; data_out0        ;
; |snake|iteration[25]                                                        ; |snake|iteration[25]                                                             ; data_out0        ;
; |snake|iteration[26]                                                        ; |snake|iteration[26]                                                             ; data_out0        ;
; |snake|iteration[27]                                                        ; |snake|iteration[27]                                                             ; data_out0        ;
; |snake|Equal1~24                                                            ; |snake|Equal1~40                                                                 ; cascout          ;
; |snake|Equal13~17                                                           ; |snake|Equal13~35                                                                ; cascout          ;
; |snake|Equal13~19                                                           ; |snake|Equal13~38                                                                ; cascout          ;
; |snake|Equal13~26                                                           ; |snake|Equal13~26                                                                ; data_out0        ;
; |snake|lpm_add_sub:Add0|addcore:adder|a_csnbuffer:result_node|cs_buffer[27] ; |snake|lpm_add_sub:Add0|addcore:adder|a_csnbuffer:result_node|cs_buffer[27]      ; data_out0        ;
; |snake|lpm_add_sub:Add0|addcore:adder|a_csnbuffer:result_node|cs_buffer[27] ; |snake|lpm_add_sub:Add0|addcore:adder|a_csnbuffer:result_node|cs_buffer[27]~COUT ; cout             ;
; |snake|lpm_add_sub:Add0|addcore:adder|a_csnbuffer:result_node|cs_buffer[26] ; |snake|lpm_add_sub:Add0|addcore:adder|a_csnbuffer:result_node|cs_buffer[26]      ; data_out0        ;
; |snake|lpm_add_sub:Add0|addcore:adder|a_csnbuffer:result_node|cs_buffer[26] ; |snake|lpm_add_sub:Add0|addcore:adder|a_csnbuffer:result_node|cs_buffer[26]~COUT ; cout             ;
; |snake|lpm_add_sub:Add0|addcore:adder|a_csnbuffer:result_node|cs_buffer[25] ; |snake|lpm_add_sub:Add0|addcore:adder|a_csnbuffer:result_node|cs_buffer[25]      ; data_out0        ;
; |snake|lpm_add_sub:Add0|addcore:adder|a_csnbuffer:result_node|cs_buffer[25] ; |snake|lpm_add_sub:Add0|addcore:adder|a_csnbuffer:result_node|cs_buffer[25]~COUT ; cout             ;
; |snake|lpm_add_sub:Add0|addcore:adder|a_csnbuffer:result_node|cs_buffer[24] ; |snake|lpm_add_sub:Add0|addcore:adder|a_csnbuffer:result_node|cs_buffer[24]      ; data_out0        ;
; |snake|lpm_add_sub:Add0|addcore:adder|a_csnbuffer:result_node|cs_buffer[24] ; |snake|lpm_add_sub:Add0|addcore:adder|a_csnbuffer:result_node|cs_buffer[24]~COUT ; cout             ;
; |snake|Equal13~21                                                           ; |snake|Equal13~41                                                                ; cascout          ;
; |snake|lpm_add_sub:Add0|addcore:adder|a_csnbuffer:result_node|cs_buffer[30] ; |snake|lpm_add_sub:Add0|addcore:adder|a_csnbuffer:result_node|cs_buffer[30]      ; data_out0        ;
; |snake|lpm_add_sub:Add0|addcore:adder|a_csnbuffer:result_node|cs_buffer[30] ; |snake|lpm_add_sub:Add0|addcore:adder|a_csnbuffer:result_node|cs_buffer[30]~COUT ; cout             ;
; |snake|lpm_add_sub:Add0|addcore:adder|a_csnbuffer:result_node|cs_buffer[29] ; |snake|lpm_add_sub:Add0|addcore:adder|a_csnbuffer:result_node|cs_buffer[29]      ; data_out0        ;
; |snake|lpm_add_sub:Add0|addcore:adder|a_csnbuffer:result_node|cs_buffer[29] ; |snake|lpm_add_sub:Add0|addcore:adder|a_csnbuffer:result_node|cs_buffer[29]~COUT ; cout             ;
; |snake|lpm_add_sub:Add0|addcore:adder|a_csnbuffer:result_node|cs_buffer[28] ; |snake|lpm_add_sub:Add0|addcore:adder|a_csnbuffer:result_node|cs_buffer[28]      ; data_out0        ;
; |snake|lpm_add_sub:Add0|addcore:adder|a_csnbuffer:result_node|cs_buffer[28] ; |snake|lpm_add_sub:Add0|addcore:adder|a_csnbuffer:result_node|cs_buffer[28]~COUT ; cout             ;
; |snake|Equal13~27                                                           ; |snake|Equal13~27                                                                ; data_out0        ;
; |snake|lpm_add_sub:Add1|addcore:adder|unreg_res_node[31]                    ; |snake|lpm_add_sub:Add1|addcore:adder|unreg_res_node[31]                         ; data_out0        ;
; |snake|lpm_add_sub:Add0|addcore:adder|unreg_res_node[31]                    ; |snake|lpm_add_sub:Add0|addcore:adder|unreg_res_node[31]                         ; data_out0        ;
; |snake|Equal14~17                                                           ; |snake|Equal14~35                                                                ; cascout          ;
; |snake|Equal14~25                                                           ; |snake|Equal14~25                                                                ; data_out0        ;
; |snake|Equal14~19                                                           ; |snake|Equal14~38                                                                ; cascout          ;
; |snake|Equal14~26                                                           ; |snake|Equal14~26                                                                ; data_out0        ;
; |snake|Equal14~21                                                           ; |snake|Equal14~41                                                                ; cascout          ;
; |snake|Equal14~27                                                           ; |snake|Equal14~27                                                                ; data_out0        ;
; |snake|display1[2]                                                          ; |snake|display1[2]                                                               ; padio            ;
; |snake|display1[1]                                                          ; |snake|display1[1]                                                               ; padio            ;
; |snake|display2[5]                                                          ; |snake|display2[5]                                                               ; padio            ;
; |snake|display2[4]                                                          ; |snake|display2[4]                                                               ; padio            ;
+-----------------------------------------------------------------------------+----------------------------------------------------------------------------------+------------------+


The following table displays output ports that do not toggle to 0 during simulation.
+-----------------------------------------------------------------------------------------------------------------------------------------------------------------------------------+
; Missing 0-Value Coverage                                                                                                                                                          ;
+-----------------------------------------------------------------------------+----------------------------------------------------------------------------------+------------------+
; Node Name                                                                   ; Output Port Name                                                                 ; Output Port Type ;
+-----------------------------------------------------------------------------+----------------------------------------------------------------------------------+------------------+
; |snake|display1[2]~reg0                                                     ; |snake|display1[2]~reg0                                                          ; data_out0        ;
; |snake|display1[1]~reg0                                                     ; |snake|display1[1]~reg0                                                          ; data_out0        ;
; |snake|display2[5]~reg0                                                     ; |snake|display2[5]~reg0                                                          ; data_out0        ;
; |snake|display2[4]~reg0                                                     ; |snake|display2[4]~reg0                                                          ; data_out0        ;
; |snake|iteration[17]                                                        ; |snake|iteration[17]                                                             ; data_out0        ;
; |snake|iteration[16]                                                        ; |snake|iteration[16]                                                             ; data_out0        ;
; |snake|iteration[15]                                                        ; |snake|iteration[15]                                                             ; data_out0        ;
; |snake|iteration[14]                                                        ; |snake|iteration[14]                                                             ; data_out0        ;
; |snake|Equal1~0                                                             ; |snake|Equal1~0                                                                  ; data_out0        ;
; |snake|iteration[13]                                                        ; |snake|iteration[13]                                                             ; data_out0        ;
; |snake|iteration[12]                                                        ; |snake|iteration[12]                                                             ; data_out0        ;
; |snake|iteration[11]                                                        ; |snake|iteration[11]                                                             ; data_out0        ;
; |snake|iteration[10]                                                        ; |snake|iteration[10]                                                             ; data_out0        ;
; |snake|Equal1~1                                                             ; |snake|Equal1~1                                                                  ; data_out0        ;
; |snake|Equal1~4                                                             ; |snake|Equal1~4                                                                  ; data_out0        ;
; |snake|lpm_add_sub:Add0|addcore:adder|a_csnbuffer:result_node|cs_buffer[17] ; |snake|lpm_add_sub:Add0|addcore:adder|a_csnbuffer:result_node|cs_buffer[17]      ; data_out0        ;
; |snake|lpm_add_sub:Add0|addcore:adder|a_csnbuffer:result_node|cs_buffer[17] ; |snake|lpm_add_sub:Add0|addcore:adder|a_csnbuffer:result_node|cs_buffer[17]~COUT ; cout             ;
; |snake|lpm_add_sub:Add0|addcore:adder|a_csnbuffer:result_node|cs_buffer[16] ; |snake|lpm_add_sub:Add0|addcore:adder|a_csnbuffer:result_node|cs_buffer[16]      ; data_out0        ;
; |snake|lpm_add_sub:Add0|addcore:adder|a_csnbuffer:result_node|cs_buffer[16] ; |snake|lpm_add_sub:Add0|addcore:adder|a_csnbuffer:result_node|cs_buffer[16]~COUT ; cout             ;
; |snake|lpm_add_sub:Add0|addcore:adder|a_csnbuffer:result_node|cs_buffer[15] ; |snake|lpm_add_sub:Add0|addcore:adder|a_csnbuffer:result_node|cs_buffer[15]      ; data_out0        ;
; |snake|lpm_add_sub:Add0|addcore:adder|a_csnbuffer:result_node|cs_buffer[15] ; |snake|lpm_add_sub:Add0|addcore:adder|a_csnbuffer:result_node|cs_buffer[15]~COUT ; cout             ;
; |snake|lpm_add_sub:Add0|addcore:adder|a_csnbuffer:result_node|cs_buffer[14] ; |snake|lpm_add_sub:Add0|addcore:adder|a_csnbuffer:result_node|cs_buffer[14]      ; data_out0        ;
; |snake|lpm_add_sub:Add0|addcore:adder|a_csnbuffer:result_node|cs_buffer[14] ; |snake|lpm_add_sub:Add0|addcore:adder|a_csnbuffer:result_node|cs_buffer[14]~COUT ; cout             ;
; |snake|lpm_add_sub:Add0|addcore:adder|a_csnbuffer:result_node|cs_buffer[13] ; |snake|lpm_add_sub:Add0|addcore:adder|a_csnbuffer:result_node|cs_buffer[13]      ; data_out0        ;
; |snake|lpm_add_sub:Add0|addcore:adder|a_csnbuffer:result_node|cs_buffer[13] ; |snake|lpm_add_sub:Add0|addcore:adder|a_csnbuffer:result_node|cs_buffer[13]~COUT ; cout             ;
; |snake|lpm_add_sub:Add0|addcore:adder|a_csnbuffer:result_node|cs_buffer[12] ; |snake|lpm_add_sub:Add0|addcore:adder|a_csnbuffer:result_node|cs_buffer[12]      ; data_out0        ;
; |snake|lpm_add_sub:Add0|addcore:adder|a_csnbuffer:result_node|cs_buffer[12] ; |snake|lpm_add_sub:Add0|addcore:adder|a_csnbuffer:result_node|cs_buffer[12]~COUT ; cout             ;
; |snake|lpm_add_sub:Add0|addcore:adder|a_csnbuffer:result_node|cs_buffer[11] ; |snake|lpm_add_sub:Add0|addcore:adder|a_csnbuffer:result_node|cs_buffer[11]      ; data_out0        ;
; |snake|lpm_add_sub:Add0|addcore:adder|a_csnbuffer:result_node|cs_buffer[11] ; |snake|lpm_add_sub:Add0|addcore:adder|a_csnbuffer:result_node|cs_buffer[11]~COUT ; cout             ;
; |snake|lpm_add_sub:Add0|addcore:adder|a_csnbuffer:result_node|cs_buffer[10] ; |snake|lpm_add_sub:Add0|addcore:adder|a_csnbuffer:result_node|cs_buffer[10]      ; data_out0        ;
; |snake|lpm_add_sub:Add0|addcore:adder|a_csnbuffer:result_node|cs_buffer[10] ; |snake|lpm_add_sub:Add0|addcore:adder|a_csnbuffer:result_node|cs_buffer[10]~COUT ; cout             ;
; |snake|lpm_add_sub:Add0|addcore:adder|a_csnbuffer:result_node|cs_buffer[3]  ; |snake|lpm_add_sub:Add0|addcore:adder|a_csnbuffer:result_node|cs_buffer[3]~COUT  ; cout             ;
; |snake|iteration[5]                                                         ; |snake|iteration[5]                                                              ; data_out0        ;
; |snake|iteration[4]                                                         ; |snake|iteration[4]                                                              ; data_out0        ;
; |snake|iteration[18]                                                        ; |snake|iteration[18]                                                             ; data_out0        ;
; |snake|iteration[19]                                                        ; |snake|iteration[19]                                                             ; data_out0        ;
; |snake|Equal1~13                                                            ; |snake|Equal1~34                                                                 ; cascout          ;
; |snake|iteration[9]                                                         ; |snake|iteration[9]                                                              ; data_out0        ;
; |snake|iteration[8]                                                         ; |snake|iteration[8]                                                              ; data_out0        ;
; |snake|iteration[7]                                                         ; |snake|iteration[7]                                                              ; data_out0        ;
; |snake|iteration[6]                                                         ; |snake|iteration[6]                                                              ; data_out0        ;
; |snake|Equal1~22                                                            ; |snake|Equal1~22                                                                 ; data_out0        ;
; |snake|iteration[20]                                                        ; |snake|iteration[20]                                                             ; data_out0        ;
; |snake|iteration[21]                                                        ; |snake|iteration[21]                                                             ; data_out0        ;
; |snake|iteration[22]                                                        ; |snake|iteration[22]                                                             ; data_out0        ;
; |snake|iteration[23]                                                        ; |snake|iteration[23]                                                             ; data_out0        ;
; |snake|Equal1~23                                                            ; |snake|Equal1~23                                                                 ; data_out0        ;
; |snake|ticks_count[27]                                                      ; |snake|ticks_count[27]                                                           ; data_out0        ;
; |snake|ticks_count[26]                                                      ; |snake|ticks_count[26]                                                           ; data_out0        ;
; |snake|ticks_count[25]                                                      ; |snake|ticks_count[25]                                                           ; data_out0        ;
; |snake|ticks_count[24]                                                      ; |snake|ticks_count[24]                                                           ; data_out0        ;
; |snake|Equal0~18                                                            ; |snake|Equal0~36                                                                 ; cascout          ;
; |snake|ticks_count[31]                                                      ; |snake|ticks_count[31]                                                           ; data_out0        ;
; |snake|ticks_count[30]                                                      ; |snake|ticks_count[30]                                                           ; data_out0        ;
; |snake|ticks_count[29]                                                      ; |snake|ticks_count[29]                                                           ; data_out0        ;
; |snake|ticks_count[28]                                                      ; |snake|ticks_count[28]                                                           ; data_out0        ;
; |snake|Equal0~26                                                            ; |snake|Equal0~26                                                                 ; data_out0        ;
; |snake|ticks_count[19]                                                      ; |snake|ticks_count[19]                                                           ; data_out0        ;
; |snake|ticks_count[18]                                                      ; |snake|ticks_count[18]                                                           ; data_out0        ;
; |snake|ticks_count[17]                                                      ; |snake|ticks_count[17]                                                           ; data_out0        ;
; |snake|ticks_count[16]                                                      ; |snake|ticks_count[16]                                                           ; data_out0        ;
; |snake|Equal0~20                                                            ; |snake|Equal0~39                                                                 ; cascout          ;
; |snake|ticks_count[23]                                                      ; |snake|ticks_count[23]                                                           ; data_out0        ;
; |snake|ticks_count[22]                                                      ; |snake|ticks_count[22]                                                           ; data_out0        ;
; |snake|ticks_count[21]                                                      ; |snake|ticks_count[21]                                                           ; data_out0        ;
; |snake|ticks_count[20]                                                      ; |snake|ticks_count[20]                                                           ; data_out0        ;
; |snake|Equal0~27                                                            ; |snake|Equal0~27                                                                 ; data_out0        ;
; |snake|ticks_count[11]                                                      ; |snake|ticks_count[11]                                                           ; data_out0        ;
; |snake|ticks_count[10]                                                      ; |snake|ticks_count[10]                                                           ; data_out0        ;
; |snake|ticks_count[9]                                                       ; |snake|ticks_count[9]                                                            ; data_out0        ;
; |snake|ticks_count[8]                                                       ; |snake|ticks_count[8]                                                            ; data_out0        ;
; |snake|Equal0~22                                                            ; |snake|Equal0~42                                                                 ; cascout          ;
; |snake|ticks_count[15]                                                      ; |snake|ticks_count[15]                                                           ; data_out0        ;
; |snake|ticks_count[14]                                                      ; |snake|ticks_count[14]                                                           ; data_out0        ;
; |snake|ticks_count[13]                                                      ; |snake|ticks_count[13]                                                           ; data_out0        ;
; |snake|ticks_count[12]                                                      ; |snake|ticks_count[12]                                                           ; data_out0        ;
; |snake|Equal0~28                                                            ; |snake|Equal0~28                                                                 ; data_out0        ;
; |snake|ticks_count[7]                                                       ; |snake|ticks_count[7]                                                            ; data_out0        ;
; |snake|ticks_count[6]                                                       ; |snake|ticks_count[6]                                                            ; data_out0        ;
; |snake|ticks_count[5]                                                       ; |snake|ticks_count[5]                                                            ; data_out0        ;
; |snake|ticks_count[4]                                                       ; |snake|ticks_count[4]                                                            ; data_out0        ;
; |snake|lpm_add_sub:Add0|addcore:adder|a_csnbuffer:result_node|cs_buffer[9]  ; |snake|lpm_add_sub:Add0|addcore:adder|a_csnbuffer:result_node|cs_buffer[9]       ; data_out0        ;
; |snake|lpm_add_sub:Add0|addcore:adder|a_csnbuffer:result_node|cs_buffer[9]  ; |snake|lpm_add_sub:Add0|addcore:adder|a_csnbuffer:result_node|cs_buffer[9]~COUT  ; cout             ;
; |snake|lpm_add_sub:Add0|addcore:adder|a_csnbuffer:result_node|cs_buffer[5]  ; |snake|lpm_add_sub:Add0|addcore:adder|a_csnbuffer:result_node|cs_buffer[5]       ; data_out0        ;
; |snake|lpm_add_sub:Add0|addcore:adder|a_csnbuffer:result_node|cs_buffer[5]  ; |snake|lpm_add_sub:Add0|addcore:adder|a_csnbuffer:result_node|cs_buffer[5]~COUT  ; cout             ;
; |snake|lpm_add_sub:Add0|addcore:adder|a_csnbuffer:result_node|cs_buffer[4]  ; |snake|lpm_add_sub:Add0|addcore:adder|a_csnbuffer:result_node|cs_buffer[4]       ; data_out0        ;
; |snake|lpm_add_sub:Add0|addcore:adder|a_csnbuffer:result_node|cs_buffer[4]  ; |snake|lpm_add_sub:Add0|addcore:adder|a_csnbuffer:result_node|cs_buffer[4]~COUT  ; cout             ;
; |snake|lpm_add_sub:Add0|addcore:adder|a_csnbuffer:result_node|cs_buffer[18] ; |snake|lpm_add_sub:Add0|addcore:adder|a_csnbuffer:result_node|cs_buffer[18]      ; data_out0        ;
; |snake|lpm_add_sub:Add0|addcore:adder|a_csnbuffer:result_node|cs_buffer[18] ; |snake|lpm_add_sub:Add0|addcore:adder|a_csnbuffer:result_node|cs_buffer[18]~COUT ; cout             ;
; |snake|lpm_add_sub:Add0|addcore:adder|a_csnbuffer:result_node|cs_buffer[19] ; |snake|lpm_add_sub:Add0|addcore:adder|a_csnbuffer:result_node|cs_buffer[19]      ; data_out0        ;
; |snake|lpm_add_sub:Add0|addcore:adder|a_csnbuffer:result_node|cs_buffer[19] ; |snake|lpm_add_sub:Add0|addcore:adder|a_csnbuffer:result_node|cs_buffer[19]~COUT ; cout             ;
; |snake|lpm_add_sub:Add0|addcore:adder|a_csnbuffer:result_node|cs_buffer[8]  ; |snake|lpm_add_sub:Add0|addcore:adder|a_csnbuffer:result_node|cs_buffer[8]       ; data_out0        ;
; |snake|lpm_add_sub:Add0|addcore:adder|a_csnbuffer:result_node|cs_buffer[8]  ; |snake|lpm_add_sub:Add0|addcore:adder|a_csnbuffer:result_node|cs_buffer[8]~COUT  ; cout             ;
; |snake|lpm_add_sub:Add0|addcore:adder|a_csnbuffer:result_node|cs_buffer[7]  ; |snake|lpm_add_sub:Add0|addcore:adder|a_csnbuffer:result_node|cs_buffer[7]       ; data_out0        ;
; |snake|lpm_add_sub:Add0|addcore:adder|a_csnbuffer:result_node|cs_buffer[7]  ; |snake|lpm_add_sub:Add0|addcore:adder|a_csnbuffer:result_node|cs_buffer[7]~COUT  ; cout             ;
; |snake|lpm_add_sub:Add0|addcore:adder|a_csnbuffer:result_node|cs_buffer[6]  ; |snake|lpm_add_sub:Add0|addcore:adder|a_csnbuffer:result_node|cs_buffer[6]       ; data_out0        ;
; |snake|lpm_add_sub:Add0|addcore:adder|a_csnbuffer:result_node|cs_buffer[6]  ; |snake|lpm_add_sub:Add0|addcore:adder|a_csnbuffer:result_node|cs_buffer[6]~COUT  ; cout             ;
; |snake|lpm_add_sub:Add0|addcore:adder|a_csnbuffer:result_node|cs_buffer[20] ; |snake|lpm_add_sub:Add0|addcore:adder|a_csnbuffer:result_node|cs_buffer[20]      ; data_out0        ;
; |snake|lpm_add_sub:Add0|addcore:adder|a_csnbuffer:result_node|cs_buffer[20] ; |snake|lpm_add_sub:Add0|addcore:adder|a_csnbuffer:result_node|cs_buffer[20]~COUT ; cout             ;
; |snake|lpm_add_sub:Add0|addcore:adder|a_csnbuffer:result_node|cs_buffer[21] ; |snake|lpm_add_sub:Add0|addcore:adder|a_csnbuffer:result_node|cs_buffer[21]      ; data_out0        ;
; |snake|lpm_add_sub:Add0|addcore:adder|a_csnbuffer:result_node|cs_buffer[21] ; |snake|lpm_add_sub:Add0|addcore:adder|a_csnbuffer:result_node|cs_buffer[21]~COUT ; cout             ;
; |snake|lpm_add_sub:Add0|addcore:adder|a_csnbuffer:result_node|cs_buffer[22] ; |snake|lpm_add_sub:Add0|addcore:adder|a_csnbuffer:result_node|cs_buffer[22]      ; data_out0        ;
; |snake|lpm_add_sub:Add0|addcore:adder|a_csnbuffer:result_node|cs_buffer[22] ; |snake|lpm_add_sub:Add0|addcore:adder|a_csnbuffer:result_node|cs_buffer[22]~COUT ; cout             ;
; |snake|lpm_add_sub:Add0|addcore:adder|a_csnbuffer:result_node|cs_buffer[23] ; |snake|lpm_add_sub:Add0|addcore:adder|a_csnbuffer:result_node|cs_buffer[23]      ; data_out0        ;
; |snake|lpm_add_sub:Add0|addcore:adder|a_csnbuffer:result_node|cs_buffer[23] ; |snake|lpm_add_sub:Add0|addcore:adder|a_csnbuffer:result_node|cs_buffer[23]~COUT ; cout             ;
; |snake|lpm_add_sub:Add1|addcore:adder|a_csnbuffer:result_node|cs_buffer[27] ; |snake|lpm_add_sub:Add1|addcore:adder|a_csnbuffer:result_node|cs_buffer[27]      ; data_out0        ;
; |snake|lpm_add_sub:Add1|addcore:adder|a_csnbuffer:result_node|cs_buffer[27] ; |snake|lpm_add_sub:Add1|addcore:adder|a_csnbuffer:result_node|cs_buffer[27]~COUT ; cout             ;
; |snake|lpm_add_sub:Add1|addcore:adder|a_csnbuffer:result_node|cs_buffer[26] ; |snake|lpm_add_sub:Add1|addcore:adder|a_csnbuffer:result_node|cs_buffer[26]      ; data_out0        ;
; |snake|lpm_add_sub:Add1|addcore:adder|a_csnbuffer:result_node|cs_buffer[26] ; |snake|lpm_add_sub:Add1|addcore:adder|a_csnbuffer:result_node|cs_buffer[26]~COUT ; cout             ;
; |snake|lpm_add_sub:Add1|addcore:adder|a_csnbuffer:result_node|cs_buffer[25] ; |snake|lpm_add_sub:Add1|addcore:adder|a_csnbuffer:result_node|cs_buffer[25]      ; data_out0        ;
; |snake|lpm_add_sub:Add1|addcore:adder|a_csnbuffer:result_node|cs_buffer[25] ; |snake|lpm_add_sub:Add1|addcore:adder|a_csnbuffer:result_node|cs_buffer[25]~COUT ; cout             ;
; |snake|lpm_add_sub:Add1|addcore:adder|a_csnbuffer:result_node|cs_buffer[24] ; |snake|lpm_add_sub:Add1|addcore:adder|a_csnbuffer:result_node|cs_buffer[24]      ; data_out0        ;
; |snake|lpm_add_sub:Add1|addcore:adder|a_csnbuffer:result_node|cs_buffer[24] ; |snake|lpm_add_sub:Add1|addcore:adder|a_csnbuffer:result_node|cs_buffer[24]~COUT ; cout             ;
; |snake|lpm_add_sub:Add1|addcore:adder|a_csnbuffer:result_node|cs_buffer[30] ; |snake|lpm_add_sub:Add1|addcore:adder|a_csnbuffer:result_node|cs_buffer[30]      ; data_out0        ;
; |snake|lpm_add_sub:Add1|addcore:adder|a_csnbuffer:result_node|cs_buffer[30] ; |snake|lpm_add_sub:Add1|addcore:adder|a_csnbuffer:result_node|cs_buffer[30]~COUT ; cout             ;
; |snake|lpm_add_sub:Add1|addcore:adder|a_csnbuffer:result_node|cs_buffer[29] ; |snake|lpm_add_sub:Add1|addcore:adder|a_csnbuffer:result_node|cs_buffer[29]      ; data_out0        ;
; |snake|lpm_add_sub:Add1|addcore:adder|a_csnbuffer:result_node|cs_buffer[29] ; |snake|lpm_add_sub:Add1|addcore:adder|a_csnbuffer:result_node|cs_buffer[29]~COUT ; cout             ;
; |snake|lpm_add_sub:Add1|addcore:adder|a_csnbuffer:result_node|cs_buffer[28] ; |snake|lpm_add_sub:Add1|addcore:adder|a_csnbuffer:result_node|cs_buffer[28]      ; data_out0        ;
; |snake|lpm_add_sub:Add1|addcore:adder|a_csnbuffer:result_node|cs_buffer[28] ; |snake|lpm_add_sub:Add1|addcore:adder|a_csnbuffer:result_node|cs_buffer[28]~COUT ; cout             ;
; |snake|lpm_add_sub:Add1|addcore:adder|a_csnbuffer:result_node|cs_buffer[19] ; |snake|lpm_add_sub:Add1|addcore:adder|a_csnbuffer:result_node|cs_buffer[19]      ; data_out0        ;
; |snake|lpm_add_sub:Add1|addcore:adder|a_csnbuffer:result_node|cs_buffer[19] ; |snake|lpm_add_sub:Add1|addcore:adder|a_csnbuffer:result_node|cs_buffer[19]~COUT ; cout             ;
; |snake|lpm_add_sub:Add1|addcore:adder|a_csnbuffer:result_node|cs_buffer[18] ; |snake|lpm_add_sub:Add1|addcore:adder|a_csnbuffer:result_node|cs_buffer[18]      ; data_out0        ;
; |snake|lpm_add_sub:Add1|addcore:adder|a_csnbuffer:result_node|cs_buffer[18] ; |snake|lpm_add_sub:Add1|addcore:adder|a_csnbuffer:result_node|cs_buffer[18]~COUT ; cout             ;
; |snake|lpm_add_sub:Add1|addcore:adder|a_csnbuffer:result_node|cs_buffer[17] ; |snake|lpm_add_sub:Add1|addcore:adder|a_csnbuffer:result_node|cs_buffer[17]      ; data_out0        ;
; |snake|lpm_add_sub:Add1|addcore:adder|a_csnbuffer:result_node|cs_buffer[17] ; |snake|lpm_add_sub:Add1|addcore:adder|a_csnbuffer:result_node|cs_buffer[17]~COUT ; cout             ;
; |snake|lpm_add_sub:Add1|addcore:adder|a_csnbuffer:result_node|cs_buffer[16] ; |snake|lpm_add_sub:Add1|addcore:adder|a_csnbuffer:result_node|cs_buffer[16]      ; data_out0        ;
; |snake|lpm_add_sub:Add1|addcore:adder|a_csnbuffer:result_node|cs_buffer[16] ; |snake|lpm_add_sub:Add1|addcore:adder|a_csnbuffer:result_node|cs_buffer[16]~COUT ; cout             ;
; |snake|lpm_add_sub:Add1|addcore:adder|a_csnbuffer:result_node|cs_buffer[23] ; |snake|lpm_add_sub:Add1|addcore:adder|a_csnbuffer:result_node|cs_buffer[23]      ; data_out0        ;
; |snake|lpm_add_sub:Add1|addcore:adder|a_csnbuffer:result_node|cs_buffer[23] ; |snake|lpm_add_sub:Add1|addcore:adder|a_csnbuffer:result_node|cs_buffer[23]~COUT ; cout             ;
; |snake|lpm_add_sub:Add1|addcore:adder|a_csnbuffer:result_node|cs_buffer[22] ; |snake|lpm_add_sub:Add1|addcore:adder|a_csnbuffer:result_node|cs_buffer[22]      ; data_out0        ;
; |snake|lpm_add_sub:Add1|addcore:adder|a_csnbuffer:result_node|cs_buffer[22] ; |snake|lpm_add_sub:Add1|addcore:adder|a_csnbuffer:result_node|cs_buffer[22]~COUT ; cout             ;
; |snake|lpm_add_sub:Add1|addcore:adder|a_csnbuffer:result_node|cs_buffer[21] ; |snake|lpm_add_sub:Add1|addcore:adder|a_csnbuffer:result_node|cs_buffer[21]      ; data_out0        ;
; |snake|lpm_add_sub:Add1|addcore:adder|a_csnbuffer:result_node|cs_buffer[21] ; |snake|lpm_add_sub:Add1|addcore:adder|a_csnbuffer:result_node|cs_buffer[21]~COUT ; cout             ;
; |snake|lpm_add_sub:Add1|addcore:adder|a_csnbuffer:result_node|cs_buffer[20] ; |snake|lpm_add_sub:Add1|addcore:adder|a_csnbuffer:result_node|cs_buffer[20]      ; data_out0        ;
; |snake|lpm_add_sub:Add1|addcore:adder|a_csnbuffer:result_node|cs_buffer[20] ; |snake|lpm_add_sub:Add1|addcore:adder|a_csnbuffer:result_node|cs_buffer[20]~COUT ; cout             ;
; |snake|lpm_add_sub:Add1|addcore:adder|a_csnbuffer:result_node|cs_buffer[11] ; |snake|lpm_add_sub:Add1|addcore:adder|a_csnbuffer:result_node|cs_buffer[11]      ; data_out0        ;
; |snake|lpm_add_sub:Add1|addcore:adder|a_csnbuffer:result_node|cs_buffer[11] ; |snake|lpm_add_sub:Add1|addcore:adder|a_csnbuffer:result_node|cs_buffer[11]~COUT ; cout             ;
; |snake|lpm_add_sub:Add1|addcore:adder|a_csnbuffer:result_node|cs_buffer[10] ; |snake|lpm_add_sub:Add1|addcore:adder|a_csnbuffer:result_node|cs_buffer[10]      ; data_out0        ;
; |snake|lpm_add_sub:Add1|addcore:adder|a_csnbuffer:result_node|cs_buffer[10] ; |snake|lpm_add_sub:Add1|addcore:adder|a_csnbuffer:result_node|cs_buffer[10]~COUT ; cout             ;
; |snake|lpm_add_sub:Add1|addcore:adder|a_csnbuffer:result_node|cs_buffer[9]  ; |snake|lpm_add_sub:Add1|addcore:adder|a_csnbuffer:result_node|cs_buffer[9]       ; data_out0        ;
; |snake|lpm_add_sub:Add1|addcore:adder|a_csnbuffer:result_node|cs_buffer[9]  ; |snake|lpm_add_sub:Add1|addcore:adder|a_csnbuffer:result_node|cs_buffer[9]~COUT  ; cout             ;
; |snake|lpm_add_sub:Add1|addcore:adder|a_csnbuffer:result_node|cs_buffer[8]  ; |snake|lpm_add_sub:Add1|addcore:adder|a_csnbuffer:result_node|cs_buffer[8]       ; data_out0        ;
; |snake|lpm_add_sub:Add1|addcore:adder|a_csnbuffer:result_node|cs_buffer[8]  ; |snake|lpm_add_sub:Add1|addcore:adder|a_csnbuffer:result_node|cs_buffer[8]~COUT  ; cout             ;
; |snake|lpm_add_sub:Add1|addcore:adder|a_csnbuffer:result_node|cs_buffer[15] ; |snake|lpm_add_sub:Add1|addcore:adder|a_csnbuffer:result_node|cs_buffer[15]      ; data_out0        ;
; |snake|lpm_add_sub:Add1|addcore:adder|a_csnbuffer:result_node|cs_buffer[15] ; |snake|lpm_add_sub:Add1|addcore:adder|a_csnbuffer:result_node|cs_buffer[15]~COUT ; cout             ;
; |snake|lpm_add_sub:Add1|addcore:adder|a_csnbuffer:result_node|cs_buffer[14] ; |snake|lpm_add_sub:Add1|addcore:adder|a_csnbuffer:result_node|cs_buffer[14]      ; data_out0        ;
; |snake|lpm_add_sub:Add1|addcore:adder|a_csnbuffer:result_node|cs_buffer[14] ; |snake|lpm_add_sub:Add1|addcore:adder|a_csnbuffer:result_node|cs_buffer[14]~COUT ; cout             ;
; |snake|lpm_add_sub:Add1|addcore:adder|a_csnbuffer:result_node|cs_buffer[13] ; |snake|lpm_add_sub:Add1|addcore:adder|a_csnbuffer:result_node|cs_buffer[13]      ; data_out0        ;
; |snake|lpm_add_sub:Add1|addcore:adder|a_csnbuffer:result_node|cs_buffer[13] ; |snake|lpm_add_sub:Add1|addcore:adder|a_csnbuffer:result_node|cs_buffer[13]~COUT ; cout             ;
; |snake|lpm_add_sub:Add1|addcore:adder|a_csnbuffer:result_node|cs_buffer[12] ; |snake|lpm_add_sub:Add1|addcore:adder|a_csnbuffer:result_node|cs_buffer[12]      ; data_out0        ;
; |snake|lpm_add_sub:Add1|addcore:adder|a_csnbuffer:result_node|cs_buffer[12] ; |snake|lpm_add_sub:Add1|addcore:adder|a_csnbuffer:result_node|cs_buffer[12]~COUT ; cout             ;
; |snake|lpm_add_sub:Add1|addcore:adder|a_csnbuffer:result_node|cs_buffer[3]  ; |snake|lpm_add_sub:Add1|addcore:adder|a_csnbuffer:result_node|cs_buffer[3]~COUT  ; cout             ;
; |snake|lpm_add_sub:Add1|addcore:adder|a_csnbuffer:result_node|cs_buffer[7]  ; |snake|lpm_add_sub:Add1|addcore:adder|a_csnbuffer:result_node|cs_buffer[7]       ; data_out0        ;
; |snake|lpm_add_sub:Add1|addcore:adder|a_csnbuffer:result_node|cs_buffer[7]  ; |snake|lpm_add_sub:Add1|addcore:adder|a_csnbuffer:result_node|cs_buffer[7]~COUT  ; cout             ;
; |snake|lpm_add_sub:Add1|addcore:adder|a_csnbuffer:result_node|cs_buffer[6]  ; |snake|lpm_add_sub:Add1|addcore:adder|a_csnbuffer:result_node|cs_buffer[6]       ; data_out0        ;
; |snake|lpm_add_sub:Add1|addcore:adder|a_csnbuffer:result_node|cs_buffer[6]  ; |snake|lpm_add_sub:Add1|addcore:adder|a_csnbuffer:result_node|cs_buffer[6]~COUT  ; cout             ;
; |snake|lpm_add_sub:Add1|addcore:adder|a_csnbuffer:result_node|cs_buffer[5]  ; |snake|lpm_add_sub:Add1|addcore:adder|a_csnbuffer:result_node|cs_buffer[5]       ; data_out0        ;
; |snake|lpm_add_sub:Add1|addcore:adder|a_csnbuffer:result_node|cs_buffer[5]  ; |snake|lpm_add_sub:Add1|addcore:adder|a_csnbuffer:result_node|cs_buffer[5]~COUT  ; cout             ;
; |snake|lpm_add_sub:Add1|addcore:adder|a_csnbuffer:result_node|cs_buffer[4]  ; |snake|lpm_add_sub:Add1|addcore:adder|a_csnbuffer:result_node|cs_buffer[4]       ; data_out0        ;
; |snake|lpm_add_sub:Add1|addcore:adder|a_csnbuffer:result_node|cs_buffer[4]  ; |snake|lpm_add_sub:Add1|addcore:adder|a_csnbuffer:result_node|cs_buffer[4]~COUT  ; cout             ;
; |snake|iteration[28]                                                        ; |snake|iteration[28]                                                             ; data_out0        ;
; |snake|iteration[29]                                                        ; |snake|iteration[29]                                                             ; data_out0        ;
; |snake|iteration[30]                                                        ; |snake|iteration[30]                                                             ; data_out0        ;
; |snake|iteration[31]                                                        ; |snake|iteration[31]                                                             ; data_out0        ;
; |snake|Equal1~20                                                            ; |snake|Equal1~38                                                                 ; cascout          ;
; |snake|iteration[24]                                                        ; |snake|iteration[24]                                                             ; data_out0        ;
; |snake|iteration[25]                                                        ; |snake|iteration[25]                                                             ; data_out0        ;
; |snake|iteration[26]                                                        ; |snake|iteration[26]                                                             ; data_out0        ;
; |snake|iteration[27]                                                        ; |snake|iteration[27]                                                             ; data_out0        ;
; |snake|Equal1~24                                                            ; |snake|Equal1~40                                                                 ; cascout          ;
; |snake|Equal13~17                                                           ; |snake|Equal13~35                                                                ; cascout          ;
; |snake|Equal13~19                                                           ; |snake|Equal13~38                                                                ; cascout          ;
; |snake|Equal13~26                                                           ; |snake|Equal13~26                                                                ; data_out0        ;
; |snake|lpm_add_sub:Add0|addcore:adder|a_csnbuffer:result_node|cs_buffer[27] ; |snake|lpm_add_sub:Add0|addcore:adder|a_csnbuffer:result_node|cs_buffer[27]      ; data_out0        ;
; |snake|lpm_add_sub:Add0|addcore:adder|a_csnbuffer:result_node|cs_buffer[27] ; |snake|lpm_add_sub:Add0|addcore:adder|a_csnbuffer:result_node|cs_buffer[27]~COUT ; cout             ;
; |snake|lpm_add_sub:Add0|addcore:adder|a_csnbuffer:result_node|cs_buffer[26] ; |snake|lpm_add_sub:Add0|addcore:adder|a_csnbuffer:result_node|cs_buffer[26]      ; data_out0        ;
; |snake|lpm_add_sub:Add0|addcore:adder|a_csnbuffer:result_node|cs_buffer[26] ; |snake|lpm_add_sub:Add0|addcore:adder|a_csnbuffer:result_node|cs_buffer[26]~COUT ; cout             ;
; |snake|lpm_add_sub:Add0|addcore:adder|a_csnbuffer:result_node|cs_buffer[25] ; |snake|lpm_add_sub:Add0|addcore:adder|a_csnbuffer:result_node|cs_buffer[25]      ; data_out0        ;
; |snake|lpm_add_sub:Add0|addcore:adder|a_csnbuffer:result_node|cs_buffer[25] ; |snake|lpm_add_sub:Add0|addcore:adder|a_csnbuffer:result_node|cs_buffer[25]~COUT ; cout             ;
; |snake|lpm_add_sub:Add0|addcore:adder|a_csnbuffer:result_node|cs_buffer[24] ; |snake|lpm_add_sub:Add0|addcore:adder|a_csnbuffer:result_node|cs_buffer[24]      ; data_out0        ;
; |snake|lpm_add_sub:Add0|addcore:adder|a_csnbuffer:result_node|cs_buffer[24] ; |snake|lpm_add_sub:Add0|addcore:adder|a_csnbuffer:result_node|cs_buffer[24]~COUT ; cout             ;
; |snake|Equal13~21                                                           ; |snake|Equal13~41                                                                ; cascout          ;
; |snake|lpm_add_sub:Add0|addcore:adder|a_csnbuffer:result_node|cs_buffer[30] ; |snake|lpm_add_sub:Add0|addcore:adder|a_csnbuffer:result_node|cs_buffer[30]      ; data_out0        ;
; |snake|lpm_add_sub:Add0|addcore:adder|a_csnbuffer:result_node|cs_buffer[30] ; |snake|lpm_add_sub:Add0|addcore:adder|a_csnbuffer:result_node|cs_buffer[30]~COUT ; cout             ;
; |snake|lpm_add_sub:Add0|addcore:adder|a_csnbuffer:result_node|cs_buffer[29] ; |snake|lpm_add_sub:Add0|addcore:adder|a_csnbuffer:result_node|cs_buffer[29]      ; data_out0        ;
; |snake|lpm_add_sub:Add0|addcore:adder|a_csnbuffer:result_node|cs_buffer[29] ; |snake|lpm_add_sub:Add0|addcore:adder|a_csnbuffer:result_node|cs_buffer[29]~COUT ; cout             ;
; |snake|lpm_add_sub:Add0|addcore:adder|a_csnbuffer:result_node|cs_buffer[28] ; |snake|lpm_add_sub:Add0|addcore:adder|a_csnbuffer:result_node|cs_buffer[28]      ; data_out0        ;
; |snake|lpm_add_sub:Add0|addcore:adder|a_csnbuffer:result_node|cs_buffer[28] ; |snake|lpm_add_sub:Add0|addcore:adder|a_csnbuffer:result_node|cs_buffer[28]~COUT ; cout             ;
; |snake|Equal13~27                                                           ; |snake|Equal13~27                                                                ; data_out0        ;
; |snake|lpm_add_sub:Add1|addcore:adder|unreg_res_node[31]                    ; |snake|lpm_add_sub:Add1|addcore:adder|unreg_res_node[31]                         ; data_out0        ;
; |snake|lpm_add_sub:Add0|addcore:adder|unreg_res_node[31]                    ; |snake|lpm_add_sub:Add0|addcore:adder|unreg_res_node[31]                         ; data_out0        ;
; |snake|Equal14~17                                                           ; |snake|Equal14~35                                                                ; cascout          ;
; |snake|Equal14~25                                                           ; |snake|Equal14~25                                                                ; data_out0        ;
; |snake|Equal14~19                                                           ; |snake|Equal14~38                                                                ; cascout          ;
; |snake|Equal14~26                                                           ; |snake|Equal14~26                                                                ; data_out0        ;
; |snake|Equal14~21                                                           ; |snake|Equal14~41                                                                ; cascout          ;
; |snake|Equal14~27                                                           ; |snake|Equal14~27                                                                ; data_out0        ;
; |snake|display1[2]                                                          ; |snake|display1[2]                                                               ; padio            ;
; |snake|display1[1]                                                          ; |snake|display1[1]                                                               ; padio            ;
; |snake|display2[5]                                                          ; |snake|display2[5]                                                               ; padio            ;
; |snake|display2[4]                                                          ; |snake|display2[4]                                                               ; padio            ;
+-----------------------------------------------------------------------------+----------------------------------------------------------------------------------+------------------+


+---------------------+
; Simulator INI Usage ;
+--------+------------+
; Option ; Usage      ;
+--------+------------+


+--------------------+
; Simulator Messages ;
+--------------------+
Info: *******************************************************************
Info: Running Quartus II Simulator
    Info: Version 9.0 Build 235 06/17/2009 Service Pack 2 SJ Web Edition
    Info: Processing started: Sat May 30 22:08:30 2020
Info: Command: quartus_sim --read_settings_files=on --write_settings_files=off snake -c snake
Info: Using vector source file "D:/AGH_Laby/digital_tech/simulations/FPGA/snake_verilog/snake_sim.vwf"
Info: Option to preserve fewer signal transitions to reduce memory requirements is enabled
    Info: Simulation has been partitioned into sub-simulations according to the maximum transition count determined by the engine. Transitions from memory will be flushed out to disk at the end of each sub-simulation to reduce memory requirements.
Info: Simulation partitioned into 1 sub-simulations
Info: Simulation coverage is      26.10 %
Info: Number of transitions in simulation is 4641
Info: Quartus II Simulator was successful. 0 errors, 0 warnings
    Info: Peak virtual memory: 158 megabytes
    Info: Processing ended: Sat May 30 22:08:30 2020
    Info: Elapsed time: 00:00:00
    Info: Total CPU time (on all processors): 00:00:00


